[TEST] Ejecutando tests...
Building and running tests...
---------------------------------------------------
---------------------------------------------------
Running test_string...
Benchmark memcmp: 1000 iterations of 1MB comparison took 0.380735 seconds
Running string tests...
Small buffer itoa: 123
INT64_MIN: -9223372036854775808
INT64_MAX: 9223372036854775807
INT64_MIN in base 16: 8000000000000000
-1 in base 16: FFFFFFFFFFFFFFFF
5 in base 2: 101
INT64_MIN in base 2: 1000000000000000000000000000000000000000000000000000000000000000
Small buffer negative: -123
Advanced itoa_s tests passed
Full buffer utoa_hex: 0x00000000DEADBEEF
Small buffer utoa_hex: 0x00
Boundary tests passed for utoa_hex_s
memset tests passed
memcpy tests passed
strlen tests passed
strlcpy tests passed
strlcpy null termination guarantee passed
strlcat tests passed
memset16 test passed
memset32 test passed
memmove backward copy (dest > src) passed
memmove forward copy (dest < src) passed
memmove no overlap passed
memmove self assignment passed
memcmp tests passed
strcmp tests passed
strnlen tests passed
strncmp tests passed
Extended strncmp optimization tests passed
explicit_bzero tests passed
atoi_s tests passed
atoi tests passed
strchr tests passed
All tests passed!
---------------------------------------------------
Running test_kcalloc...
Running kcalloc overflow tests...
Test 1 passed (normal allocation)
Test 2 passed (overflow detected)
Test 3 passed (large but no overflow)
Test 4 passed (extreme overflow)
Test 5 passed (num=0)
All kcalloc tests passed!
---------------------------------------------------
Running test_malloc_overflow...
Testing custom allocation overflows...
PASS: calloc overflow check working.
PASS: malloc overflow check working.
PASS: realloc overflow check working.
PASS: Normal allocation working.
---------------------------------------------------
Running test_rtc...
Testing RTC BCD 24h...
PASS
Testing RTC BCD 12h PM...
PASS
Testing RTC BCD 12h AM...
PASS
Testing Argentina conversion...
PASS
---------------------------------------------------
Running test_bcache...
Running test_bcache_write_new_entry...
PASSED
Running test_bcache_write_update_existing...
PASSED
Running test_bcache_write_lru_eviction...
PASSED
Running test_bcache_write_null_cache...
PASSED
All bcache tests passed!
---------------------------------------------------
Running test_fat32...
Running test_fat32_read...
PASSED
Running test_fat32_not_found...
PASSED
Running test_fat32_list...
  [FAT32] Listing Root Directory:
    - TEST.TXT
PASSED (Check output manually if needed)
Running test_fat32_create_write_read...
PASSED
Running test_fat32_delete...
PASSED
Running test_fat32_mkdir...
PASSED
Running test_fat32_vfs...
PASSED
All FAT32 tests passed!
---------------------------------------------------
Running test_jfs...
Running test_jfs_init...
PASSED
Running test_jfs_create_file...
PASSED
Running test_jfs_write_read...
PASSED
Running test_jfs_directory...
PASSED
All JFS tests passed!
---------------------------------------------------
Running test_crypto...
Testing SHA-256...
SHA-256 Test 1 Passed
SHA-256 Test 2 Passed
Testing SHA-512...
SHA-512 Test 1 Passed
SHA-512 Test 2 Passed
Testing Ed25519...
ed25519_verify(valid sig) returned: 1
ed25519_verify(invalid sig) returned: 0
Ed25519 Tests Passed (Hardened Stub Mode)
All Crypto Tests Passed!
---------------------------------------------------
Running test_elf_read_failure...
Setting up ELF Read Failure Test...
Loading broken ELF...
[SERIAL] [ELF] Loading file: [SERIAL] /broken_elf[SERIAL]
[SERIAL] [ELF] Detected Linux ABI.
[SERIAL] [ELF] Type: ET_EXEC. Ignoring base offset.
[SERIAL] [ELF] Error: Segment address conflicts with Kernel bounds. Load rejected.
[TEST] SUCCESS: elf_load_file returned 0 as expected.
---------------------------------------------------
Running test_ip_aton...
Running ip_aton tests with REAL implementation...
Testing Valid IPs...
Testing Invalid IPs...
All ip_aton tests passed!
---------------------------------------------------
---------------------------------------------------
Running test_initrd_overflow...
Running test_initrd_readdir_leak...
Read name length: 64
Content: AAAAAAAAAAAAAAAAAAAAAAAAAAAAAAAAAAAAAAAAAAAAAAAAAAAAAAAAAAAAAAAA
Name length 64. Safe.
---------------------------------------------------
Running test_readv_security...
Running test_readv_security...
Test 1: Normal sys_readv
PASSED: Memory handling correct
Test 2: sys_readv with kernel pointer iov
Test 4: Large iovcnt (DoS check)
PASSED: sys_readv rejected large iovcnt
Test 5: Normal sys_writev
PASSED: writev Memory handling correct
---------------------------------------------------
Running test_mmap_fixed...
Running test_mmap_fixed...
Fix Verified: Existing page WAS unmapped.
---------------------------------------------------
Running test_vmm_unmap...

All VMM Unmap tests passed!
Starting VMM tests...
Running test_vmm_unmap_page_mapped...
PASSED
Running test_unmap_non_existent_page... Running test_vmm_unmap_page_unmapped...
PASSED
All VMM tests passed!
---------------------------------------------------
Running test_stdio...
snprintf tests passed
kprintf tests passed
---------------------------------------------------
Running test_procfs...
Starting ProcFS tests...
Running test_proc_version...
  Content: eterOS version 0.2.0 (Genesis SMP) (gcc version 12.2.0)
  Passed.
Running test_proc_uptime...
  Uptime string: 12345.00 0.00
  Passed.
Running test_proc_meminfo...
  Meminfo content:
MemTotal:       65536 kB
MemFree:        32768 kB
MemAvailable:   32768 kB
Buffers:        0 kB
Cached:         0 kB
SwapCached:     0 kB
Active:         32768 kB
Inactive:       0 kB
SwapTotal:      0 kB
SwapFree:       0 kB
  Passed.
Running test_proc_directory...
  Passed.
All ProcFS tests passed!
---------------------------------------------------
Running test_devfs...
Running DevFS finddir tests...
Testing devfs_finddir...
PASSED: devfs_finddir tests.
---------------------------------------------------
Running test_framebuffer_scroll...
Running Framebuffer Scroll Tests...
[TEST] Mock Framebuffer initialized: 1024x768, 32 bpp, pitch 4096
[TEST] Filling screen with lines...
[TEST] Triggering scroll...
[TEST] Verifying pixels...
Pixel (0,0): 0xFFFFFFFF
Pixel (0,16) (Row 1 orig): 0xFF000000
Pixel (0,736) (Row 46): 0xFFFFFFFF
Pixel (0,752) (Row 47): 0xFF000000
TEST PASSED: Scrolling implemented correctly.
---------------------------------------------------
Running test_sem_logic...
Running sem_logic tests...
Test: sem_signal with NULL semaphore...
PASS
Test: sem_signal with no waiting tasks...
PASS
Test: sem_signal with waiting tasks...
PASS
All sem_logic tests passed!
---------------------------------------------------
Running test_sys_open...
Running test_sys_open...
Attempting to open directory '/some/dir' with O_WRONLY...
PASSED: sys_open returned -EISDIR
---------------------------------------------------
Running test_sys_rw_perms...
Running test_sys_rw_perms...
All permissions logic tests passed!
---------------------------------------------------
Running test_socket_security...
Running test_socket_security...
Test 1: sys_accept with bad addr
Test 2: sys_accept with bad addrlen
Test 3: sys_recvfrom with bad src_addr
Test 4: sys_recvfrom with bad addrlen
Test 5: sys_sendto with bad dest_addr
All socket security tests passed!
---------------------------------------------------
Running test_vfs_readdir...
Starting VFS readdir_fs Tests...
Running test_readdir_fs_success...
PASS: test_readdir_fs_success
Running test_readdir_fs_not_directory...
PASS: test_readdir_fs_not_directory
Running test_readdir_fs_null_pointer...
PASS: test_readdir_fs_null_pointer

All VFS readdir_fs tests passed successfully!
---------------------------------------------------
Running test_vfs_create_fs...
Running test_create_fs...
Test 1 (Valid parent dir with create function) passed.
Test 2 (Directory with NULL create function) passed.
Test 3 (Parent is a file, not a directory) passed.
Test 4 (Create function returns error) passed.
All test_create_fs tests passed successfully!
---------------------------------------------------
---------------------------------------------------
Running test_futex_logic...
Test: futex_wait mismatch...
PASS
Test: futex_wait success...
PASS
Test: futex_wake logic...
PASS
All tests passed.
---------------------------------------------------
Running test_futex_timeout...
Test: futex_wait with timeout...
PASS
Test: futex_wait without timeout...
PASS
Test: futex_wait spurious wakeup before timeout...
PASS
All tests passed.
---------------------------------------------------
Running test_syscall_dispatch...
Testing Syscall Dispatcher...
[SERIAL] [SYSCALL] Initializing MSRs for x86_64...
rdmsr(0xc0000080)
wrmsr(0xc0000080, 0x1)
wrmsr(0xc0000081, 0x10000800000000)
wrmsr(0xc0000082, 0x55a157aff547)
wrmsr(0xc0000084, 0x200)
[SERIAL] [SYSCALL] x86_64 mechanism enabled.
Output:
SYS_write passed
Unknown syscall returned: -38 (expected -38)
ENOSYS passed
sys_uname returned: 0
sys_uname valid pointer passed
sys_uname NULL pointer passed
All tests passed.
---------------------------------------------------
Running test_syscall_openat...
Running test_syscall_openat...
Test 1: AT_FDCWD with absolute path
PASSED: sys_openat absolute path via AT_FDCWD
Test 2: Open directory for writing
PASSED: sys_openat returned -EISDIR
---------------------------------------------------
---------------------------------------------------
Running test_syscall_epoll...
Running test_syscall_epoll...
PASSED: sys_epoll_create1 returned a valid FD: 3
PASSED: sys_epoll_ctl stub returned 0
PASSED: sys_epoll_wait stub returned 0 events immediately due to 0 timeout
---------------------------------------------------
---------------------------------------------------
Running test_syscall_mmap_linux...
Running test_syscall_mmap_linux...
PASSED: sys_mmap returned 0x200000
Running test_syscall_mmap_fixed...
Running test_syscall_mmap_fixed...
PASSED: sys_mmap with MAP_FIXED returned 0x200000
---------------------------------------------------
Running test_syscall_clone...
Running test_syscall_linux_clone3...
PASSED: sys_clone3 correctly called task_clone
Running test_syscall_clone...
PASSED: sys_clone called task_fork successfully
---------------------------------------------------
Running test_syscall_pipe2...
Running test_syscall_pipe2...
PASSED: sys_pipe2 rejected bad pointer
---------------------------------------------------
Running test_syscall_rt_sigaction...
Running test_syscall_rt_sigaction...
PASSED: sys_rt_sigaction rejected invalid signal
---------------------------------------------------
Running test_syscall_linux_readlink...
test_syscall_linux_readlink passed!
All tests passed!
---------------------------------------------------
Running verify_gradient...
Testing gradient: 0x000000 -> 0xFFFFFF (h=100)... PASS
Testing gradient: 0xFFFFFF -> 0x000000 (h=100)... PASS
Testing gradient: 0x00FF00 -> 0xFF0000 (h=50)... PASS
Testing gradient: 0x102030 -> 0x405060 (h=5)... PASS
---------------------------------------------------
Running test_libc_expansion...
Running libc expansion tests...
Testing ctype...
ctype tests passed.
Testing string...
Testing strdup...
Testing strndup...
Testing strspn...
Testing strcspn...
Testing strpbrk...
Testing strerror...
strerror(EPERM) = Operation not permitted
string tests passed.
Testing stdlib...
stdlib tests passed.
Testing stdio...
stdio tests passed.
Testing time...
ctime: Sun Jan  1 00:00:00 2023
time tests passed.
Testing assert...
assert tests passed.
All tests passed!
---------------------------------------------------
Running test_xtensa_uart...
Running Xtensa UART Tests...
Test: hal_input_available_empty... PASSED
Test: hal_input_available_data... PASSED
Test: hal_input_getchar... PASSED
---------------------------------------------------
Running test_sem...
Test: sem_init...
PASS
Test: sem_wait immediate...
PASS
Test: sem_wait blocks...
PASS
Test: sem_signal...
PASS
All tests passed.
---------------------------------------------------
Running bench_draw_window_fastpath...
Unoptimized (Alpha Blend) took: 5.723462 seconds
Optimized (Memcpy fastpath) took: 0.865847 seconds
---------------------------------------------------
Running bench_gfx_draw_rect...
Unoptimized took: 0.755661 seconds
Optimized took: 0.307402 seconds
---------------------------------------------------
Running bench_gfx_rect...
Starting benchmark for gfx_draw_rect...
Time for 10000 gfx_draw_rect calls: 0.026513 seconds
Benchmark passed! Fast-path optimization active.
---------------------------------------------------
Running test_wget_parse_url...
Running wget parse_url tests...
All parse_url tests passed!
---------------------------------------------------
Running test_vfs_normalize_path...
All basic and edge-case vfs_normalize_path tests passed!
All error conditions passed!
All tests completed successfully!
---------------------------------------------------
Running test_vfs_mkdir...
Running test_vfs_mkdir...
Test 1 (NULL path) passed.
Test 2 (No slash) passed.
Test 3 (Path too long) passed.
Test 4 (Parent directory not found) passed.
Test 5 (Successful creation in root) passed.
Test 6 (Successful creation in subdirectory) passed.
Test 7 (Parent is a file) passed.
Test 8 (mkdir_fs returns failure) passed.
All vfs_mkdir tests passed successfully!
---------------------------------------------------
Running test_syscall_sysinfo...
sys_sysinfo test passed!
---------------------------------------------------
Running test_ota...
All test_ota (parse_url) tests passed!
---------------------------------------------------
Running test_ota_sim...
Starting OTA state machine tests...
ERROR: Update already pending.
All OTA state machine tests passed!
---------------------------------------------------
Running test_syscall_linux_coverage...
Testing missing syscall implementations...
Testing fsync
Testing truncate
truncate returned -1
truncate valid returned 0
Testing ftruncate
pread returned 0
Testing Linux ABI MAP_ANONYMOUS mmap
mmap returned: 8589934592 (expected: 8589934592)
Testing sys_arch_prctl ARCH_SET_FS
Testing sys_getrusage
Testing sys_prlimit64
Testing sys_syslog
Testing sys_getgroups
Testing sys_getrandom
Testing sys_reboot
Testing execve wrapper defaults
Testing newly added stubs
Tests passed!
---------------------------------------------------
Running test_acpi_s5...
Starting test_acpi_s5...
test_acpi_s5 passed successfully!
---------------------------------------------------
Running test_strnlen_opt...
Running optimized strnlen tests...
Benchmark: 1000000 iterations of 128-byte strnlen took 0.054323 seconds
All optimized strnlen tests passed!
---------------------------------------------------
Running bench_strchr...
Benchmarking strchr (char at end of 10MB string)...
Time taken (Found at end): 0.664945 seconds
Bandwidth: 1.468637 GB/s
Benchmarking strchr (char not present in 10MB string)...
Time taken (Not found): 0.589914 seconds
Bandwidth: 1.655432 GB/s
---------------------------------------------------
Running bench_userspace_strcmp...
Verifying correctness...
Benchmarking userspace strcmp...
String size: 10485760 bytes
Iterations: 50

Test 1: Identical strings (Full scan)...
Time taken: 0.228959 seconds
Throughput: 2183.797099 MB/s

Test 2: Difference at end (Full scan)...
Time taken: 0.227216 seconds

Test 3: Difference at beginning (Fast fail)...
Time taken: 0.005436 seconds (for 500000 iterations)
---------------------------------------------------
Running bench_userspace_string...
Benchmarking userspace strlen...
String size: 10485760 bytes
Time taken: 0.310853 seconds
Result: 10485760 (Expected: 10485760)
Bandwidth: 3.141557 GB/s

Benchmarking userspace strchr (char at end of 10MB string)...
Time taken (Found at end): 0.604990 seconds
Bandwidth: 1.614180 GB/s
Benchmarking userspace strchr (char not present)...
Time taken (Not found): 0.605450 seconds
Bandwidth: 1.612953 GB/s
---------------------------------------------------
Running bench_userspace_strlen...
Verifying eteros_strlen...
Verification passed.
Benchmarking eteros_strlen vs standard strlen...
Standard strlen: 0.048235 seconds (Total len: 1048576000)
Eteros strlen:   0.311828 seconds (Total len: 1048576000)
Speedup: 0.15x
---------------------------------------------------
Running test_clipping...
Original: (-500, -300) to (524, 468)
Clipped: (0, 0) to (524, 468)
Clipped Size: 524x468
---------------------------------------------------
Running test_syscall_getdents64...
Running test_syscall_getdents64...
PASSED: sys_getdents64 returned 56 bytes
---------------------------------------------------
Running test_syscall_utimensat...
Running test_syscall_utimensat...
PASSED: sys_utimensat returned success
---------------------------------------------------
---------------------------------------------------
---------------------------------------------------
Running test_vfs_leak...
Starting VFS Leak Test...

Test 1: Lookup '/a'...
Result: Found node 'a'
Stats: Alloc=3, Free=2

Test 2: Lookup '/a/b/c'...
Result: Found node 'c'
Stats: Alloc=5, Free=4

Test 3: Lookup '/'...
Stats: Alloc=1, Free=0

PASS: All VFS tests passed.
